    <!DOCTYPE html>
    <html lang="pt-BR">
    <head>
        <meta charset="UTF-8">
        <meta name="viewport" content="width=device-width, initial-scale=1.0">
        <title>404 - Página não encontrada</title>
        <style>
            * { margin: 0; padding: 0; box-sizing: border-box; }
            body {
                font-family: 'Segoe UI', Tahoma, Geneva, Verdana, sans-serif;
                background: linear-gradient(135deg, #667eea 0%, #764ba2 100%);
                min-height: 100vh;
                display: flex; align-items: center; justify-content: center;
            }
            .container {
                text-align: center; background: white; padding: 40px; border-radius: 10px;
                box-shadow: 0 10px 25px rgba(0,0,0,0.15); max-width: 520px;
            }
            h1 { font-size: 64px; color: #667eea; margin-bottom: 12px; }
            p { color: #666; margin-bottom: 14px; font-size: 15px; }
            a { display:inline-block; background:#667eea; color:#fff; padding:10px 20px; border-radius:6px; text-decoration:none }
            a:hover { background:#5a6be0 }
        </style>
    </head>
    <body>
        <div class="container">
            <h1>404</h1>
            <p>Página não encontrada.</p>
            <p><strong>URL:</strong> /api</p>
            <p><strong>Método:</strong> POST</p>
            <a href="http://localhost:5173">Voltar ao início</a>
        </div>
    </body>
    </html>
    